[2025-12-20 00:32:07] ============================================================
[2025-12-20 00:32:07] 🚀 ЗАПУСК ДЕБАГ ПАЙПЛАЙНА
[2025-12-20 00:32:07] ============================================================
[2025-12-20 00:32:07] 📦 ШАГ 1: Загрузка company_base.json
[2025-12-20 00:32:07]    ✅ Загружено 106 компаний
[2025-12-20 00:32:07] 
🔍 ШАГ 2: Анализ компаний для обработки
[2025-12-20 00:32:07]    Будем тестировать первые 10 компаний:
[2025-12-20 00:32:07]     1. Сбербанк (ИНН: 7707083893)
[2025-12-20 00:32:07]     2. Альфа-Банк (ИНН: 7728168971)
[2025-12-20 00:32:07]     3. Тинькофф Банк (ИНН: 7710140679)
[2025-12-20 00:32:07]     4. ВТБ (ИНН: 7702070139)
[2025-12-20 00:32:07]     5. Газпромбанк (ИНН: 7736050003)
[2025-12-20 00:32:07]     6. Открытие (ИНН: 7706092528)
[2025-12-20 00:32:07]     7. Совкомбанк (ИНН: 6671044212)
[2025-12-20 00:32:07]     8. Россельхозбанк (ИНН: 7725114488)
[2025-12-20 00:32:07]     9. Московский Кредитный Банк (ИНН: 7734202860)
[2025-12-20 00:32:07]    10. Промсвязьбанк (ИНН: 7744000912)
[2025-12-20 00:32:07] 
🌐 ШАГ 3: Имитация парсинга сайтов
[2025-12-20 00:32:07]    (В реальном коде здесь работает enrich_sites.parse_website())
[2025-12-20 00:32:07]    ✅ Сбербанк: Найдено 2 доказательств на сайте
[2025-12-20 00:32:07]    ➖ Альфа-Банк: Не найдено доказательств на сайте
[2025-12-20 00:32:07]    ➖ Тинькофф Банк: Не найдено доказательств на сайте
[2025-12-20 00:32:07]    ➖ ВТБ: Не найдено доказательств на сайте
[2025-12-20 00:32:07]    ➖ Газпромбанк: Не найдено доказательств на сайте
[2025-12-20 00:32:07]    ➖ Открытие: Не найдено доказательств на сайте
[2025-12-20 00:32:07]    ➖ Совкомбанк: Не найдено доказательств на сайте
[2025-12-20 00:32:07]    ➖ Россельхозбанк: Не найдено доказательств на сайте
[2025-12-20 00:32:07]    ➖ Московский Кредитный Банк: Не найдено доказательств на сайте
[2025-12-20 00:32:07]    ➖ Промсвязьбанк: Не найдено доказательств на сайте
[2025-12-20 00:32:07] 
   📊 ИТОГ парсинга сайтов: 1 компаний с доказательствами
[2025-12-20 00:32:07] 
💼 ШАГ 4: Имитация поиска вакансий HH
[2025-12-20 00:32:07]    (В реальном коде здесь работает enrich_jobs.search_hh_vacancies())
[2025-12-20 00:32:07]    ✅ Сбербанк: Найдено 2 вакансий
[2025-12-20 00:32:07]    ✅ Альфа-Банк: Найдено 2 вакансий
[2025-12-20 00:32:07]    ✅ Тинькофф Банк: Найдено 2 вакансий
[2025-12-20 00:32:07]    ✅ ВТБ: Найдено 2 вакансий
[2025-12-20 00:32:07]    ✅ Газпромбанк: Найдено 2 вакансий
[2025-12-20 00:32:07] 
   📊 ИТОГ поиска вакансий: 5 компаний с вакансиями
[2025-12-20 00:32:07] 
🧠 ШАГ 5: Анализ доказательств и принятие решения
[2025-12-20 00:32:07]    (В реальном коде здесь работает merge_normalize.analyze_company_findings())
[2025-12-20 00:32:07] 
   🔍 Анализ Сбербанк:
[2025-12-20 00:32:07]       - Находок с сайта: 1
[2025-12-20 00:32:07]       - Вакансий HH: 2
[2025-12-20 00:32:07]       ✅ РЕШЕНИЕ: Прошёл по УРОВНЮ A (сайт)
[2025-12-20 00:32:07] 
   🔍 Анализ Альфа-Банк:
[2025-12-20 00:32:07]       - Находок с сайта: 0
[2025-12-20 00:32:07]       - Вакансий HH: 2
[2025-12-20 00:32:07]       ⚠️  РЕШЕНИЕ: Прошёл по УРОВНЮ B (вакансии)
[2025-12-20 00:32:07] 
   🔍 Анализ Тинькофф Банк:
[2025-12-20 00:32:07]       - Находок с сайта: 0
[2025-12-20 00:32:07]       - Вакансий HH: 2
[2025-12-20 00:32:07]       ⚠️  РЕШЕНИЕ: Прошёл по УРОВНЮ B (вакансии)
[2025-12-20 00:32:07] 
   🔍 Анализ ВТБ:
[2025-12-20 00:32:07]       - Находок с сайта: 0
[2025-12-20 00:32:07]       - Вакансий HH: 2
[2025-12-20 00:32:07]       ⚠️  РЕШЕНИЕ: Прошёл по УРОВНЮ B (вакансии)
[2025-12-20 00:32:07] 
   🔍 Анализ Газпромбанк:
[2025-12-20 00:32:07]       - Находок с сайта: 0
[2025-12-20 00:32:07]       - Вакансий HH: 2
[2025-12-20 00:32:07]       ⚠️  РЕШЕНИЕ: Прошёл по УРОВНЮ B (вакансии)
[2025-12-20 00:32:07] 
   🔍 Анализ Открытие:
[2025-12-20 00:32:07]       - Находок с сайта: 0
[2025-12-20 00:32:07]       - Вакансий HH: 0
[2025-12-20 00:32:07]       ❌ РЕШЕНИЕ: Не прошёл - нет доказательств
[2025-12-20 00:32:07] 
   🔍 Анализ Совкомбанк:
[2025-12-20 00:32:07]       - Находок с сайта: 0
[2025-12-20 00:32:07]       - Вакансий HH: 0
[2025-12-20 00:32:07]       ❌ РЕШЕНИЕ: Не прошёл - нет доказательств
[2025-12-20 00:32:07] 
   🔍 Анализ Россельхозбанк:
[2025-12-20 00:32:07]       - Находок с сайта: 0
[2025-12-20 00:32:07]       - Вакансий HH: 0
[2025-12-20 00:32:07]       ❌ РЕШЕНИЕ: Не прошёл - нет доказательств
[2025-12-20 00:32:07] 
   🔍 Анализ Московский Кредитный Банк:
[2025-12-20 00:32:07]       - Находок с сайта: 0
[2025-12-20 00:32:07]       - Вакансий HH: 0
[2025-12-20 00:32:07]       ❌ РЕШЕНИЕ: Не прошёл - нет доказательств
[2025-12-20 00:32:07] 
   🔍 Анализ Промсвязьбанк:
[2025-12-20 00:32:07]       - Находок с сайта: 0
[2025-12-20 00:32:07]       - Вакансий HH: 0
[2025-12-20 00:32:07]       ❌ РЕШЕНИЕ: Не прошёл - нет доказательств
[2025-12-20 00:32:07] 
   📊 ИТОГ решений: 5 компаний прошли порог 10+
[2025-12-20 00:32:07] 
📁 ШАГ 6: Проверка текущего companies.csv
[2025-12-20 00:32:07]    В CSV сейчас: 54 компаний
[2025-12-20 00:32:07]    ✅ Все проанализированные компании уже в CSV
[2025-12-20 00:32:07] 
============================================================
[2025-12-20 00:32:07] 📈 ИТОГОВЫЙ ОТЧЁТ
[2025-12-20 00:32:07] ============================================================
[2025-12-20 00:32:07] 
📊 СТАТИСТИКА:
• Всего компаний в базе: 106
• Протестировано: 10
• Найдено доказательств на сайтах: 1
• Найдено вакансий HH: 5
• Прошли порог 10+: 5
• Сейчас в CSV: 54

🔧 ВОЗМОЖНЫЕ ПРОБЛЕМЫ:
1. Данные с сайтов не попадают в analyze_company_findings()
2. analyze_company_findings() отдаёт приоритет HH вместо сайтов
3. Экспорт в CSV не получает результаты анализа

🚀 РЕКОМЕНДАЦИИ:
1. Проверь merge_normalize.py - логику analyze_company_findings()
2. Убедись, что enrich_sites возвращает данные в правильном формате
3. Добавь логирование в реальные функции

[2025-12-20 00:32:07] ✅ ДЕБАГ ЗАВЕРШЕН
